[1] "#min_tr = 4"                    "#min_check = 2, #iteration = 9"
[1] "#min_tr = 4"                    "#min_check = 2, #iteration = 9"
[1] "#min_tr = 4"                    "#min_check = 2, #iteration = 9"
